// Jest Snapshot v1, https://goo.gl/fbAQLP

exports[`expect to render SignIn component 1`] = `
<ContextConsumer>
  <Component />
</ContextConsumer>
`;

exports[`expect to render SignUp 1`] = `
<div
  className="sign-up"
>
  <h2
    className="title"
  >
    I do not have a account
  </h2>
  <span>
    Sign up with your email and password
  </span>
  <form
    className="sign-up-form"
    onSubmit={[Function]}
  >
    <FormInput
      label="Display Name"
      name="displayName"
      onChange={[Function]}
      required={true}
      type="text"
      value=""
    />
    <FormInput
      label="Email"
      name="email"
      onChange={[Function]}
      required={true}
      type="email"
      value=""
    />
    <FormInput
      label="Password"
      name="password"
      onChange={[Function]}
      required={true}
      type="password"
      value=""
    />
    <FormInput
      label="Confirm Password"
      name="confirmPassword"
      onChange={[Function]}
      required={true}
      type="password"
      value=""
    />
    <CustomButton
      type="submit"
    >
      SIGN UP
    </CustomButton>
  </form>
</div>
`;
